[2026-08-19T11:27:30.529044+00:00] Cumhuriyet -> Dilovası'nda hayatını kaybeden işçilerin yakınları adalet arıyor! "BENİ DE KIZIM GİBİ YAKSINLAR" | https://www.youtube.com/watch?v=iemtKbY6604 | Yayın: 2026-08-19T11:13:36+00:00
[2026-08-19T11:27:30.529242+00:00] Cumhuriyet -> "Westside ve 500 bin TL iddiası: Herkes suçlamayı 'bir başkasından' duymuş!" | https://www.youtube.com/shorts/4DEK-Cosa8k | Yayın: 2026-08-19T10:54:01+00:00
[2026-08-19T11:27:30.529370+00:00] Cumhuriyet -> Sezgin Tanrıkulu'ndan Dicle Üniversitesi'ne 'sendikal baskı' uyarısı | https://www.youtube.com/shorts/roABmJ1NWVI | Yayın: 2026-08-19T10:50:45+00:00
[2026-08-19T11:27:30.529462+00:00] Cumhuriyet -> #CANLI İBB Davasında 67. gün! Gece yarısı biten duruşmada neler oldu? | https://www.youtube.com/watch?v=YgI4npgZsrQ | Yayın: 2026-08-19T10:39:30+00:00
[2026-08-19T11:27:30.529539+00:00] Cumhuriyet -> YENİ Parti Milletvekili Melih Meriç'in sağlık durumu nasıl? Gaziantep Valisi Çeber açıkladı | https://www.youtube.com/watch?v=ySFVvygFgg4 | Yayın: 2026-08-19T10:25:47+00:00
[2026-08-19T11:27:30.529609+00:00] Cumhuriyet -> Madencilerin direnişi 10. gününde! "MADENCİYİ AŞAĞILAMAKTAN VAZGEÇİN" | https://www.youtube.com/watch?v=WUR8rkgTrzk | Yayın: 2026-08-19T09:59:36+00:00
[2026-08-19T11:27:30.529677+00:00] Cumhuriyet -> Akdoğan'dan gazilere müdahaleye tepki: "Peygamber Efendimize komşu dediler, TBMM'ye komşu etmediler" | https://www.youtube.com/watch?v=Z1tSpKDAfxA | Yayın: 2026-08-19T09:53:31+00:00
[2026-08-19T11:27:30.529877+00:00] Cumhuriyet -> Kafasında 40 kilo karpuzla bisiklet sürebilen usta görenleri şaşırtıyor | https://www.youtube.com/shorts/5a_k9uVj4ak | Yayın: 2026-08-19T09:31:01+00:00
[2026-08-19T11:27:30.530002+00:00] Cumhuriyet -> #CANLI Madenciler Enerji ve Tabii Kaynaklar Bakanlığı önünde | https://www.youtube.com/watch?v=ydc5Zd00t3I | Yayın: 2026-08-19T09:22:46+00:00
[2026-08-19T11:27:30.530100+00:00] Cumhuriyet -> Er şehit yakınları ve er gazilerin yürüyüşüne polis engeli: Siz bakanım diye ortalarda gezeceksiniz! | https://www.youtube.com/watch?v=6-82Nbd_VPA | Yayın: 2026-08-19T09:19:21+00:00
[2026-08-19T11:27:30.530168+00:00] Cumhuriyet -> Alevler çatıyı sardı! Kağıthane’de 4 katlı binada korkutan yangın | https://www.youtube.com/shorts/FjaBnfsFlDE | Yayın: 2026-08-19T09:14:53+00:00
[2026-08-19T11:27:30.530233+00:00] Cumhuriyet -> Alparslan Kuytul ve eşinin gözaltı anında gerilim! Polis aracının önüne yatmaya çalıştılar | https://www.youtube.com/shorts/MXHPrDaQPNM | Yayın: 2026-08-19T09:09:59+00:00
[2026-08-19T11:27:30.530294+00:00] Cumhuriyet -> İnşaatta çalışan 75 yaşındaki emeklinin yürek burkan isyanı: Ölene kadar çalışacağız | https://www.youtube.com/shorts/PZ53Vkl-e94 | Yayın: 2026-08-19T08:48:29+00:00
[2026-08-19T11:27:30.530355+00:00] Cumhuriyet -> Bitkin haldeki baykuş Sivas'ta bir okulun bahçesine sığındı | https://www.youtube.com/shorts/ZTnSV4wiKOw | Yayın: 2026-08-19T08:19:56+00:00
[2026-08-19T11:27:30.530415+00:00] Cumhuriyet -> Uzmanından 'HPV aşısı' çağrısı: Toplum sağlığı açısından gerekli | https://www.youtube.com/watch?v=DQ_syIjDp1w | Yayın: 2026-08-19T08:03:32+00:00
[2026-08-19T11:27:30.663167+00:00] SÖZCÜ TV -> Er Şehit Yakınları ve Er Gazilerin Yürüyüşüne Polis Engeli | https://www.youtube.com/watch?v=NhFg6YT8h9U | Yayın: 2026-08-19T11:14:02+00:00
[2026-08-19T11:27:30.663293+00:00] SÖZCÜ TV -> #CANLI Haber Bülteni | Serap Belovacıklı | https://www.youtube.com/watch?v=kAMaFhp5duU | Yayın: 2026-08-18T22:45:43+00:00
[2026-08-19T11:27:30.663403+00:00] SÖZCÜ TV -> Ümit Özdağ Devlet Bahçeli'ye Açtı Ağzını Yumdu Gözünü! "TÜRK ASKERİNİN KANI VAR!" | https://www.youtube.com/watch?v=-GF_go5oJKM | Yayın: 2026-08-19T11:20:46+00:00
[2026-08-19T11:27:30.663508+00:00] SÖZCÜ TV -> Öğle Bülteni | Gülinay Selçuk | 19 Ağustos | https://www.youtube.com/watch?v=Hil6XqS7bUc | Yayın: 2026-08-19T11:03:47+00:00
[2026-08-19T11:27:30.663678+00:00] SÖZCÜ TV -> TÜRKİYE SINIRINA 70 KM MESAFEDE İSRAİL FÜZELERİ! "Türkiye Uçakları Vurabilirdi!" | https://www.youtube.com/watch?v=NE35eE6o8eE | Yayın: 2026-08-19T11:00:19+00:00
[2026-08-19T11:27:30.663820+00:00] SÖZCÜ TV -> İBB Davasının Seyrini Değiştirecek İtiraf! Ekrem İmamoğlu Gerçekleri Ortaya Çıkıyor! | https://www.youtube.com/watch?v=xEL2z3J_BDE | Yayın: 2026-08-19T10:40:35+00:00
[2026-08-19T11:27:30.663922+00:00] SÖZCÜ TV -> Sözcü ile Uyanma Vakti | Ceylin Çağatay | 19 Ağustos | https://www.youtube.com/watch?v=KB0dkRw8eDQ | Yayın: 2026-08-19T10:21:14+00:00
[2026-08-19T11:27:30.664018+00:00] SÖZCÜ TV -> İSRAİL ATEŞLE OYNUYOR! Türkiye'ye Hadsiz Gözdağı! Burnumuzun Dibine Füze Yağmuru | https://www.youtube.com/watch?v=PZWTSt1qiXo | Yayın: 2026-08-19T10:20:16+00:00
[2026-08-19T11:27:30.664111+00:00] SÖZCÜ TV -> "Türkiye Cumhuriyeti Rehin Alındı!" ANKARA'DA GAZİLERE POLİS MÜDAHELESİ! Erdem Çerçioğlu Sert Çıktı | https://www.youtube.com/watch?v=xjDBZ09mUv0 | Yayın: 2026-08-19T10:00:14+00:00
[2026-08-19T11:27:30.664204+00:00] SÖZCÜ TV -> Ölümünde FETÖ İzi mi Var? Süleymancıların Eski Lideri Arif Ahmet Denizolgun'un Mezarı Açıldı! | https://www.youtube.com/watch?v=4n0ygDHProU | Yayın: 2026-08-19T09:30:06+00:00
[2026-08-19T11:27:30.664299+00:00] SÖZCÜ TV -> Furkan Vakfı Dosyasında Korkunç İddialar! BAĞIŞ PARALARI NEREYE GİTTİ? Alparslan Kuytul Gerçekleri | https://www.youtube.com/watch?v=zqSKRzC9un8 | Yayın: 2026-08-19T09:00:06+00:00
[2026-08-19T11:27:30.664393+00:00] SÖZCÜ TV -> SÜLEYMANCILARIN GİZLİ ŞİFRELERİ ÇÖZÜLÜYOR! Eski Liderin Gizemli Ölümü! Şifreli 'Glooper' Skandalı! | https://www.youtube.com/watch?v=CT9X7CPuyQ0 | Yayın: 2026-08-19T08:30:30+00:00
[2026-08-19T11:27:30.664485+00:00] SÖZCÜ TV -> Zafer Partisi Genel Başkanı Ümit Özdağ Er Gazilerle İlgili Basın Toplantısı Düzenledi | https://www.youtube.com/watch?v=br4iYdTEYLM | Yayın: 2026-08-19T08:29:14+00:00
[2026-08-19T11:27:30.664575+00:00] SÖZCÜ TV -> İTİRAFÇILAR BİRBİRİNE GİRDİ! Ekrem İmamoğlu Çılgına Döndü! İBB Davasında Tarihi Anlar | https://www.youtube.com/watch?v=S8pcX1qQdYo | Yayın: 2026-08-19T08:00:34+00:00
[2026-08-19T11:27:30.664666+00:00] SÖZCÜ TV -> Gazilerin Eylemine Şafak Vakti Müdahale! Sözcü Masası'nda Sert Tepki! 'Gazilere Bu Yapılır mı?' | https://www.youtube.com/watch?v=fvoRmp16ru0 | Yayın: 2026-08-19T07:30:29+00:00
[2026-08-19T11:27:30.827855+00:00] Halk TV -> #CANLI | İrem Sansak ile Haber Masası | https://www.youtube.com/watch?v=BafKmHn_gm4 | Yayın: 2026-08-19T09:52:37+00:00
[2026-08-19T11:27:30.827988+00:00] Halk TV -> SOYLU VE AKAR ZORA GİRECEK! Mehmet Tezkan'ın hatırlattığı o olay kıyameti kopartır! Meğer o yıl... | https://www.youtube.com/watch?v=OrBWT2EWKAA | Yayın: 2026-08-19T11:15:06+00:00
[2026-08-19T11:27:30.828099+00:00] Halk TV -> YENİ Parti Sözcüsü Zeynel Emre TBMM'de Açıklama Yaptı! (19 Ağustos 2026) | https://www.youtube.com/watch?v=ZFg5NEtHg1s | Yayın: 2026-08-19T11:05:03+00:00
[2026-08-19T11:27:30.828201+00:00] Halk TV -> İBB DAVASI TEL TEL DÖKÜLMEYE BAŞLADI! İmamoğlu'na bir iftira daha! Seraf Özer'den çarpıcı sözler! | https://www.youtube.com/watch?v=HlatZwQwzRY | Yayın: 2026-08-19T11:00:40+00:00
[2026-08-19T11:27:30.828294+00:00] Halk TV -> Bu sabah gözaltına alınan Alparslan Kuytul, dün bu açıklamayı yapmıştı! | https://www.youtube.com/shorts/wqN-RaUWNz4 | Yayın: 2026-08-19T10:50:00+00:00
[2026-08-19T11:27:30.828389+00:00] Halk TV -> Artvin'de maaşlar daha tezgaha değmeden eridi! | https://www.youtube.com/shorts/E9N39gQBxlo | Yayın: 2026-08-19T10:49:35+00:00
[2026-08-19T11:27:30.828482+00:00] Halk TV -> Bu da oldu: Madenciler çağırdı, polis bakanlığın kapısına geldi! | https://www.youtube.com/shorts/uSZBJ44Y4Es | Yayın: 2026-08-19T10:49:33+00:00
[2026-08-19T11:27:30.828576+00:00] Halk TV -> SİLİVRİ'DE NEFESLER TUTULDU! İBB duruşmasının final tarihi açıklandı! Gamze Altunay'dan son bilgiler | https://www.youtube.com/watch?v=X3BVy2gpfO0 | Yayın: 2026-08-19T10:45:37+00:00
[2026-08-19T11:27:30.828674+00:00] Halk TV -> Yılmaz Büyükerşen'in kardeşi Güzin Büyükerşen için cenaze töreni düzenleniyor | https://www.youtube.com/watch?v=fy-OIe6isPk | Yayın: 2026-08-19T10:44:20+00:00
[2026-08-19T11:27:30.828799+00:00] Halk TV -> GÜVENPARK'A SABAHA DOĞRU POLİS OPERASYONU! 'Uyum evine' götürülen gaziler yolu böyle kapattı! | https://www.youtube.com/watch?v=0Ck_zUz7zxY | Yayın: 2026-08-19T10:30:32+00:00
[2026-08-19T11:27:30.828894+00:00] Halk TV -> O İDDİALAR TEKRAR AYYUKA ÇIKTI! Tahliye edilen Rasim Ozan Kütahyalı itirafçı mı oldu? Şok detaylar! | https://www.youtube.com/watch?v=XYbnMhkYb5o | Yayın: 2026-08-19T10:15:30+00:00
[2026-08-19T11:27:30.828986+00:00] Halk TV -> ÇARPICI GÖRÜNTÜLER: BU KEZ MADENCİLER POLİS ÇAĞIRDI! | https://www.youtube.com/shorts/EaQpkz1u9pQ | Yayın: 2026-08-19T10:02:46+00:00
[2026-08-19T11:27:30.829080+00:00] Halk TV -> ŞÜPHELİ ÖLÜMDE KRİTİK GELİŞME! Süleymancıların eski lideri Arif Ahmet Denizolgun'un mezarı açıldı! | https://www.youtube.com/watch?v=DLqsM3uI0sQ | Yayın: 2026-08-19T10:00:09+00:00
[2026-08-19T11:27:30.829172+00:00] Halk TV -> Bilge Yurtdagülen ile Neden Sonuç | Mehmet Tezkan (19 Ağustos 2026) | https://www.youtube.com/watch?v=_-GkcUzBIcI | Yayın: 2026-08-19T09:58:03+00:00
[2026-08-19T11:27:30.829261+00:00] Halk TV -> POLİS ER GAZİLERİN ETRAFINI KUŞATTI! Barikatlar Kuruldu, Yollar Kapatıldı! Ankara Ayakta! | https://www.youtube.com/watch?v=-wJWx3pTYF4 | Yayın: 2026-08-19T09:49:16+00:00
[2026-08-19T11:27:30.981165+00:00] ANKA Haber Ajansı -> Er şehit yakınları ve er gazilerin yürüyüşüne polis engeli / Ankara #Canlı | https://www.youtube.com/watch?v=a1ziFBPhqxM | Yayın: 2026-08-19T11:08:17+00:00
[2026-08-19T11:27:30.981285+00:00] ANKA Haber Ajansı -> YENİ Parti Sözcüsü Zeynel Emre, TBMM'de açıklama yapıyor #Canlı | https://www.youtube.com/watch?v=CfHU3VC2IEA | Yayın: 2026-08-19T09:38:55+00:00
[2026-08-19T11:27:30.981396+00:00] ANKA Haber Ajansı -> Türk Maden İş’e bağlı Doruk Maden işçileri, Çankaya Belediyesi önünde açıklama yapıyor #Canlı | https://www.youtube.com/watch?v=fiEs7WfnG5k | Yayın: 2026-08-19T10:07:00+00:00
[2026-08-19T11:27:30.981522+00:00] ANKA Haber Ajansı -> Yılmaz Büyükerşen'in kardeşi Güzin Büyükerşen için cenaze töreni düzenleniyor #Canlı | https://www.youtube.com/watch?v=UZ6smIyw6yg | Yayın: 2026-08-19T10:42:24+00:00
[2026-08-19T11:27:30.981628+00:00] ANKA Haber Ajansı -> Er gazi ve şehit yakınlarını ziyaret eden Ümit Özdağ İçişleri Bakanı’na seslendi #shorts | https://www.youtube.com/shorts/Kv37nzFCml0 | Yayın: 2026-08-19T10:30:11+00:00
[2026-08-19T11:27:30.981769+00:00] ANKA Haber Ajansı -> Madenciler polis çağırdı: Bakanlığın kilitli kapılarını aşamayınca polisten yardım talep ettiler | https://www.youtube.com/shorts/MLwPuEC6L_I | Yayın: 2026-08-19T10:15:40+00:00
[2026-08-19T11:27:30.981869+00:00] ANKA Haber Ajansı -> Emekli aylıkları yetmediği için inşaatta çalışan yurttaş: Ölene kadar çalışacağız #shorts | https://www.youtube.com/shorts/fNmvGXnEGos | Yayın: 2026-08-19T09:59:17+00:00
[2026-08-19T11:27:30.981963+00:00] ANKA Haber Ajansı -> Er şehit yakınları ve er gazilerin yürüyüşüne polis engeli #Canlı | https://www.youtube.com/watch?v=RLNMjAGWAfY | Yayın: 2026-08-19T09:45:22+00:00
[2026-08-19T11:27:30.982056+00:00] ANKA Haber Ajansı -> CHP Genel Başkan Yardımcısı Yıldırım Kaya, basın toplantısı düzenliyor #Canlı | https://www.youtube.com/watch?v=6BqVUviKtFA | Yayın: 2026-08-19T09:43:48+00:00
[2026-08-19T11:27:30.982146+00:00] ANKA Haber Ajansı -> Bağımsız Maden-İş Sendikası üyesi madenciler, Enerji ve Tabii Kaynaklar Bakanlığı önünde #Canlı | https://www.youtube.com/watch?v=uuS6z_shm6Y | Yayın: 2026-08-19T09:17:00+00:00
[2026-08-19T11:27:30.982239+00:00] ANKA Haber Ajansı -> Dilovası'ndaki fabrika yangın davasıyla ilgili Gebze Adliyesi önünde açıklama yapılıyor #Canlı | https://www.youtube.com/watch?v=9WpnYAvjJs0 | Yayın: 2026-08-19T07:43:59+00:00
[2026-08-19T11:27:30.982338+00:00] ANKA Haber Ajansı -> Er gaziler ve er şehit yakınlarının İçişleri Bakanlığı'na yürüyüşüne polis engeli #shorts | https://www.youtube.com/shorts/fYgXzhWStSo | Yayın: 2026-08-19T08:37:21+00:00
[2026-08-19T11:27:30.982432+00:00] ANKA Haber Ajansı -> Zafer Partisi Genel Başkanı Ümit Özdağ, basın toplantısı düzenliyor #Canlı | https://www.youtube.com/watch?v=9SFRVBqQarg | Yayın: 2026-08-19T08:34:23+00:00
[2026-08-19T11:27:30.982524+00:00] ANKA Haber Ajansı -> Artvin pazarında emeklilerden maaş ve geçim derdi tepkisi #shorts | https://www.youtube.com/shorts/XbXFZqvjFxw | Yayın: 2026-08-19T08:30:16+00:00
[2026-08-19T11:27:30.982613+00:00] ANKA Haber Ajansı -> YENİ Parti Ankara Milletvekili Umut Akdoğan, Güvenpark'ta açıklama yapıyor #Canlı | https://www.youtube.com/watch?v=ek9ASoJEmLc | Yayın: 2026-08-19T08:28:20+00:00
